2025-07-31 16:43:13,842 - INFO - 🔄 Camera initialization attempt 1/5
2025-07-31 16:43:15,161 - INFO - ✅ Camera 1 opened with direct method
2025-07-31 16:43:18,686 - INFO - ✅ Camera 1 initialized successfully
2025-07-31 16:43:18,686 - INFO - 🔄 Loading YOLO model with enhanced error handling...
2025-07-31 16:43:19,288 - INFO - ✅ Model loaded and warmed up successfully (attempt 1)
2025-07-31 16:43:19,288 - INFO - 🔄 Car tracker reset
2025-07-31 16:43:20,291 - WARNING - Failed to read frame, retrying...
2025-07-31 16:43:21,399 - WARNING - Failed to read frame, retrying...
2025-07-31 16:43:44,291 - INFO - ⏰ Maximum runtime (25s) reached
2025-07-31 16:43:44,292 - INFO - 🏁 Detection session completed
2025-07-31 16:43:44,292 - INFO - 🧹 Initiating enhanced cleanup...
2025-07-31 16:43:44,292 - INFO - 🧹 Starting comprehensive resource cleanup...
2025-07-31 16:43:44,798 - INFO - 📹 Camera release attempt 1/3
2025-07-31 16:43:45,299 - INFO - 📹 Camera release attempt 2/3
2025-07-31 16:43:45,801 - INFO - 📹 Camera release attempt 3/3
2025-07-31 16:43:45,801 - INFO - 📹 Camera released successfully
2025-07-31 16:43:46,448 - INFO - 🖼️ OpenCV windows destroyed
2025-07-31 16:43:46,963 - INFO - 🗑️ Memory cleaned up
2025-07-31 16:43:47,964 - INFO - ✅ Enhanced resource cleanup completed
2025-07-31 16:43:47,967 - INFO - 🧹 Starting comprehensive resource cleanup...
2025-07-31 16:43:48,603 - INFO - 🖼️ OpenCV windows destroyed
2025-07-31 16:43:49,099 - INFO - 🗑️ Memory cleaned up
2025-07-31 16:43:50,101 - INFO - ✅ Enhanced resource cleanup completed
