2025-07-31 21:39:47,657 - INFO - 🔄 SUPER Camera initialization attempt 1/10
2025-07-31 21:39:52,292 - INFO - ✅ Camera 0 opened with direct method
2025-07-31 21:39:52,303 - INFO - ✅ Successful test read on attempt 1
2025-07-31 21:39:55,282 - INFO - 📹 Camera configuration applied successfully
2025-07-31 21:39:55,282 - INFO - ✅ Camera 0 SUPER initialized successfully
2025-07-31 21:39:55,283 - INFO - 🔄 Loading YOLO model with enhanced error handling...
2025-07-31 21:39:55,734 - INFO - ✅ Model loaded and warmed up successfully (attempt 1)
2025-07-31 21:39:55,734 - INFO - 🔄 Car tracker reset
2025-07-31 21:40:13,844 - INFO - 🎯 Car ID 2 persistent for 12.1s - TRIGGERING MAIN2.PY
2025-07-31 21:40:13,845 - INFO - 🚨 TRIGGERING MAIN SCRIPT for camera 0
2025-07-31 21:40:14,983 - INFO - 📹 Camera release attempt 1/5
2025-07-31 21:40:15,984 - INFO - 📹 Camera release attempt 2/5
2025-07-31 21:40:16,985 - INFO - 📹 Camera release attempt 3/5
2025-07-31 21:40:17,987 - INFO - 📹 Camera release attempt 4/5
2025-07-31 21:40:18,988 - INFO - 📹 Camera release attempt 5/5
2025-07-31 21:40:23,065 - INFO - 📹 Aggressive camera release completed
2025-07-31 21:40:26,940 - ERROR - Error starting main2.py subprocess: Exception occurred in preexec_fn.
2025-07-31 21:40:26,940 - ERROR - ❌ Failed to trigger main2.py - continuing detection
2025-07-31 21:40:26,968 - INFO - ⏰ Maximum runtime (25s) reached
2025-07-31 21:40:26,969 - INFO - 🏁 Detection session completed
2025-07-31 21:40:26,969 - INFO - 🧹 Initiating enhanced cleanup...
2025-07-31 21:40:26,969 - INFO - 🧹 Starting SUPER AGGRESSIVE resource cleanup...
2025-07-31 21:40:31,077 - INFO - 🖼️ Aggressive OpenCV cleanup completed
2025-07-31 21:40:33,745 - INFO - 🗑️ Aggressive memory cleanup completed
2025-07-31 21:40:36,746 - INFO - ✅ SUPER AGGRESSIVE cleanup completed
2025-07-31 21:40:36,747 - INFO - 🧹 Starting SUPER AGGRESSIVE resource cleanup...
2025-07-31 21:40:40,855 - INFO - 🖼️ Aggressive OpenCV cleanup completed
2025-07-31 21:40:43,501 - INFO - 🗑️ Aggressive memory cleanup completed
2025-07-31 21:40:45,111 - INFO - 🛑 Received signal 2 - initiating graceful shutdown
2025-07-31 21:40:45,111 - INFO - 🧹 Starting SUPER AGGRESSIVE resource cleanup...
2025-07-31 21:40:49,208 - INFO - 🖼️ Aggressive OpenCV cleanup completed
2025-07-31 21:40:52,108 - INFO - 🗑️ Aggressive memory cleanup completed
2025-07-31 21:40:55,109 - INFO - ✅ SUPER AGGRESSIVE cleanup completed
2025-07-31 21:40:55,109 - INFO - ✅ SUPER AGGRESSIVE cleanup completed
