2025-06-24 21:05:25,727 - INFO - 🔧 Checking Django server status...
2025-06-24 21:05:25,727 - WARNING - Invalid duration: temp_frame_1_20250624_210523.jpg, using default: 60
2025-06-24 21:05:26,485 - INFO - Camera 1 connection verified
2025-06-24 21:05:26,485 - INFO - Loading license plate detection model...
2025-06-24 21:05:26,509 - INFO - ✅ License plate model loaded
2025-06-24 21:05:26,509 - INFO - Initializing EasyOCR...
2025-06-24 21:05:28,744 - INFO - ✅ EasyOCR initialized with GPU
2025-06-24 21:05:29,349 - INFO - 🚀 Starting enhanced 60-second license plate detection...
2025-06-24 21:05:34,333 - INFO - 🎯 CONFIRMED DETECTION: MH20EE7602 (Score: 0.814)
2025-06-24 21:05:36,899 - INFO - 🎯 CONFIRMED DETECTION: MH20EE7602 (Score: 0.838)
2025-06-24 21:05:38,968 - INFO - 🎯 CONFIRMED DETECTION: 20EE7602 (Score: 0.783)
2025-06-24 21:05:41,038 - INFO - 🎯 CONFIRMED DETECTION: MH20EE7602 (Score: 0.862)
2025-06-24 21:05:43,669 - INFO - 🎯 CONFIRMED DETECTION: MH20EE7602 (Score: 0.839)
2025-06-24 21:05:43,669 - INFO - 🎯 CONFIRMED DETECTION: 20EE7602 (Score: 0.789)
2025-06-24 21:05:46,298 - INFO - 🎯 CONFIRMED DETECTION: MH20EE7602 (Score: 0.816)
2025-06-24 21:05:46,298 - INFO - 🎯 CONFIRMED DETECTION: SE (Score: 0.781)
2025-06-24 21:05:56,598 - INFO - 🎯 CONFIRMED DETECTION: MH20EE7602 (Score: 0.821)
2025-06-24 21:05:58,666 - INFO - 🎯 CONFIRMED DETECTION: MH20EE7602 (Score: 0.827)
2025-06-24 21:05:58,666 - INFO - 🎯 CONFIRMED DETECTION: 20EE7602 (Score: 0.780)
2025-06-24 21:06:01,239 - INFO - 🎯 CONFIRMED DETECTION: MH20EE7602 (Score: 0.850)
2025-06-24 21:06:03,798 - INFO - 🎯 CONFIRMED DETECTION: MH20EE7602 (Score: 0.799)
2025-06-24 21:06:03,798 - INFO - 🎯 CONFIRMED DETECTION: 20EE7602 (Score: 0.776)
2025-06-24 21:06:06,368 - INFO - 🎯 CONFIRMED DETECTION: MH20EE7602 (Score: 0.821)
2025-06-24 21:06:08,400 - INFO - 🎯 CONFIRMED DETECTION: MH20EE7602 (Score: 0.824)
2025-06-24 21:06:08,400 - INFO - 🎯 CONFIRMED DETECTION: 20EE7602 (Score: 0.771)
2025-06-24 21:06:10,966 - INFO - 🎯 CONFIRMED DETECTION: MH20EE7602 (Score: 0.824)
2025-06-24 21:06:10,966 - INFO - 🎯 CONFIRMED DETECTION: 20EE7602 (Score: 0.773)
2025-06-24 21:06:13,597 - INFO - 🎯 CONFIRMED DETECTION: MH20EE7602 (Score: 0.822)
2025-06-24 21:06:13,597 - INFO - 🎯 CONFIRMED DETECTION: 2067602 (Score: 0.771)
2025-06-24 21:06:13,597 - INFO - 🎯 CONFIRMED DETECTION: 20EE7602 (Score: 0.775)
2025-06-24 21:06:16,198 - INFO - 🎯 CONFIRMED DETECTION: MH20EE7602 (Score: 0.811)
2025-06-24 21:06:18,829 - INFO - 🎯 CONFIRMED DETECTION: MH20EE7602 (Score: 0.827)
2025-06-24 21:06:21,496 - INFO - 🎯 CONFIRMED DETECTION: MH20EE7602 (Score: 0.801)
2025-06-24 21:06:24,131 - INFO - 🎯 CONFIRMED DETECTION: MH20EE7602 (Score: 0.809)
2025-06-24 21:06:24,131 - INFO - 🎯 CONFIRMED DETECTION: 20EE7602 (Score: 0.781)
2025-06-24 21:06:28,698 - INFO - 🎯 CONFIRMED DETECTION: MH20EE7602 (Score: 0.840)
2025-06-24 21:06:28,698 - INFO - 🎯 CONFIRMED DETECTION: 20EE7602 (Score: 0.773)
2025-06-24 21:06:30,660 - INFO - ✅ License plate 'MH20EE7602' written to /Users/jainamdoshi/Desktop/Projects/Slotify/ALPR/detection.txt
2025-06-24 21:06:30,810 - INFO - ✅ Opening dashboard page: http://127.0.0.1:8000/dashboard/
2025-06-24 21:06:30,812 - INFO - Detection completed successfully. Final result: MH20EE7602
2025-06-24 21:07:37,190 - INFO - 🔧 Checking Django server status...
2025-06-24 21:07:37,191 - WARNING - Invalid duration: temp_frame_1_20250624_210735.jpg, using default: 60
2025-06-24 21:07:37,981 - INFO - Camera 1 connection verified
2025-06-24 21:07:37,981 - INFO - Loading license plate detection model...
2025-06-24 21:07:37,999 - INFO - ✅ License plate model loaded
2025-06-24 21:07:37,999 - INFO - Initializing EasyOCR...
2025-06-24 21:07:40,153 - INFO - ✅ EasyOCR initialized with GPU
2025-06-24 21:07:40,739 - INFO - 🚀 Starting enhanced 60-second license plate detection...
2025-06-24 21:07:45,162 - INFO - 🎯 CONFIRMED DETECTION: MH20EE7602 (Score: 0.805)
2025-06-24 21:07:47,301 - INFO - 🎯 CONFIRMED DETECTION: 20EE7602 (Score: 0.780)
2025-06-24 21:07:47,301 - INFO - 🎯 CONFIRMED DETECTION: MH20EE7602 (Score: 0.831)
2025-06-24 21:07:49,972 - INFO - 🎯 CONFIRMED DETECTION: MH20EE7602 (Score: 0.806)
2025-06-24 21:07:54,122 - INFO - 🎯 CONFIRMED DETECTION: MH20EE7602 (Score: 0.823)
2025-06-24 21:07:55,600 - INFO - 🎯 CONFIRMED DETECTION: 20EE7602 (Score: 0.777)
2025-06-24 21:07:57,636 - INFO - 🎯 CONFIRMED DETECTION: MH20EE7602 (Score: 0.815)
2025-06-24 21:07:59,670 - INFO - 🎯 CONFIRMED DETECTION: MH20EE7602 (Score: 0.809)
2025-06-24 21:08:01,731 - INFO - 🎯 CONFIRMED DETECTION: 20EE7602 (Score: 0.777)
2025-06-24 21:08:01,731 - INFO - 🎯 CONFIRMED DETECTION: MH20EE7602 (Score: 0.818)
2025-06-24 21:08:01,732 - INFO - 🎯 CONFIRMED DETECTION: 2067602 (Score: 0.778)
2025-06-24 21:08:03,798 - INFO - 🎯 CONFIRMED DETECTION: MH20EE7602 (Score: 0.814)
2025-06-24 21:08:05,897 - INFO - 🎯 CONFIRMED DETECTION: 20EE7602 (Score: 0.778)
2025-06-24 21:08:05,898 - INFO - 🎯 CONFIRMED DETECTION: MH20EE7602 (Score: 0.802)
2025-06-24 21:08:05,898 - INFO - 🎯 CONFIRMED DETECTION: 207602 (Score: 0.782)
2025-06-24 21:08:10,166 - INFO - 🎯 CONFIRMED DETECTION: 20EE7602 (Score: 0.777)
2025-06-24 21:08:10,166 - INFO - 🎯 CONFIRMED DETECTION: MH20EE7602 (Score: 0.848)
2025-06-24 21:08:12,699 - INFO - 🎯 CONFIRMED DETECTION: MH20EE7602 (Score: 0.831)
2025-06-24 21:08:14,765 - INFO - 🎯 CONFIRMED DETECTION: MH20EE7602 (Score: 0.813)
2025-06-24 21:08:14,765 - INFO - 🎯 CONFIRMED DETECTION: 2067602 (Score: 0.779)
2025-06-24 21:08:16,830 - INFO - 🎯 CONFIRMED DETECTION: 20EE7602 (Score: 0.778)
2025-06-24 21:08:16,830 - INFO - 🎯 CONFIRMED DETECTION: MH20EE7602 (Score: 0.827)
2025-06-24 21:08:19,405 - INFO - 🎯 CONFIRMED DETECTION: 20EE7602 (Score: 0.779)
2025-06-24 21:08:19,406 - INFO - 🎯 CONFIRMED DETECTION: MH20EE7602 (Score: 0.832)
2025-06-24 21:08:21,430 - INFO - 🎯 CONFIRMED DETECTION: 20EE7602 (Score: 0.778)
2025-06-24 21:08:21,430 - INFO - 🎯 CONFIRMED DETECTION: MH20EE7602 (Score: 0.836)
2025-06-24 21:08:23,463 - INFO - 🎯 CONFIRMED DETECTION: MH20EE7602 (Score: 0.820)
2025-06-24 21:08:25,530 - INFO - 🎯 CONFIRMED DETECTION: 20EE7602 (Score: 0.777)
2025-06-24 21:08:25,531 - INFO - 🎯 CONFIRMED DETECTION: MH20EE7602 (Score: 0.832)
2025-06-24 21:08:28,098 - INFO - 🎯 CONFIRMED DETECTION: MH20EE7602 (Score: 0.839)
2025-06-24 21:08:30,735 - INFO - 🎯 CONFIRMED DETECTION: 20EE7602 (Score: 0.776)
2025-06-24 21:08:30,736 - INFO - 🎯 CONFIRMED DETECTION: MH20EE7602 (Score: 0.818)
2025-06-24 21:08:33,454 - INFO - 🎯 CONFIRMED DETECTION: MH20EE7602 (Score: 0.819)
2025-06-24 21:08:33,454 - INFO - 🎯 CONFIRMED DETECTION: 2067602 (Score: 0.780)
2025-06-24 21:08:35,498 - INFO - 🎯 CONFIRMED DETECTION: 20EE7602 (Score: 0.781)
2025-06-24 21:08:35,498 - INFO - 🎯 CONFIRMED DETECTION: MH20EE7602 (Score: 0.833)
2025-06-24 21:08:37,564 - INFO - 🎯 CONFIRMED DETECTION: MH20EE7602 (Score: 0.841)
2025-06-24 21:08:39,695 - INFO - 🎯 CONFIRMED DETECTION: 20EE7602 (Score: 0.781)
2025-06-24 21:08:39,695 - INFO - 🎯 CONFIRMED DETECTION: MH20EE7602 (Score: 0.828)
2025-06-24 21:08:41,711 - INFO - ✅ License plate 'MH20EE7602' written to /Users/jainamdoshi/Desktop/Projects/Slotify/ALPR/detection.txt
2025-06-24 21:08:41,843 - INFO - ✅ Opening dashboard page: http://127.0.0.1:8000/dashboard/
2025-06-24 21:08:41,845 - INFO - Detection completed successfully. Final result: MH20EE7602
2025-06-25 02:02:09,033 - INFO - 🔧 Checking Django server status...
2025-06-25 02:02:09,033 - WARNING - Invalid duration: temp_frame_1_20250625_020206.jpg, using default: 60
2025-06-25 02:02:09,867 - INFO - Camera 1 connection verified
2025-06-25 02:02:09,868 - INFO - Loading license plate detection model...
2025-06-25 02:02:09,888 - INFO - ✅ License plate model loaded
2025-06-25 02:02:09,888 - INFO - Initializing EasyOCR...
2025-06-25 02:02:12,233 - INFO - ✅ EasyOCR initialized with GPU
2025-06-25 02:02:12,863 - INFO - 🚀 Starting enhanced 60-second license plate detection...
2025-06-25 02:02:15,401 - INFO - 🎯 CONFIRMED DETECTION: MH20EE7602 (Score: 0.779)
2025-06-25 02:02:19,961 - INFO - 🎯 CONFIRMED DETECTION: MH20EE7602 (Score: 0.777)
2025-06-25 02:02:22,581 - INFO - 🎯 CONFIRMED DETECTION: MH20EE7602 (Score: 0.774)
2025-06-25 02:02:23,985 - INFO - 🎯 CONFIRMED DETECTION: MH20EE7602 (Score: 0.788)
2025-06-25 02:02:26,012 - INFO - 🎯 CONFIRMED DETECTION: MH20EE7602 (Score: 0.786)
2025-06-25 02:02:28,020 - INFO - 🎯 CONFIRMED DETECTION: MH20EE7602 (Score: 0.796)
2025-06-25 02:02:30,663 - INFO - 🎯 CONFIRMED DETECTION: MH20EE7602 (Score: 0.801)
2025-06-25 02:02:32,084 - INFO - 🎯 CONFIRMED DETECTION: MH20EE7602 (Score: 0.788)
2025-06-25 02:02:32,084 - INFO - 🎯 CONFIRMED DETECTION: 20EE7602 (Score: 0.768)
2025-06-25 02:02:34,152 - INFO - 🎯 CONFIRMED DETECTION: MH20EE7602 (Score: 0.778)
2025-06-25 02:02:36,165 - INFO - 🎯 CONFIRMED DETECTION: MH20EE7602 (Score: 0.795)
2025-06-25 02:02:38,917 - INFO - 🎯 CONFIRMED DETECTION: MH20EE7602 (Score: 0.796)
2025-06-25 02:02:40,920 - INFO - 🎯 CONFIRMED DETECTION: MH20EE7602 (Score: 0.777)
2025-06-25 02:02:43,537 - INFO - 🎯 CONFIRMED DETECTION: MH20EE7602 (Score: 0.783)
2025-06-25 02:02:45,561 - INFO - 🎯 CONFIRMED DETECTION: MH20EE7602 (Score: 0.783)
2025-06-25 02:02:47,560 - INFO - 🎯 CONFIRMED DETECTION: MH20EE7602 (Score: 0.785)
2025-06-25 02:02:50,185 - INFO - 🎯 CONFIRMED DETECTION: MH20EE7602 (Score: 0.784)
2025-06-25 02:02:52,217 - INFO - 🎯 CONFIRMED DETECTION: MH20EE7602 (Score: 0.786)
2025-06-25 02:02:54,777 - INFO - 🎯 CONFIRMED DETECTION: MH20EE7602 (Score: 0.784)
2025-06-25 02:02:56,719 - INFO - 🎯 CONFIRMED DETECTION: MH20EE7602 (Score: 0.784)
2025-06-25 02:02:59,226 - INFO - 🎯 CONFIRMED DETECTION: MH20EE7602 (Score: 0.783)
2025-06-25 02:03:01,768 - INFO - 🎯 CONFIRMED DETECTION: MH20EE7602 (Score: 0.778)
2025-06-25 02:03:04,351 - INFO - 🎯 CONFIRMED DETECTION: MH20EE7602 (Score: 0.786)
2025-06-25 02:03:06,885 - INFO - 🎯 CONFIRMED DETECTION: MH20EE7602 (Score: 0.773)
2025-06-25 02:03:09,436 - INFO - 🎯 CONFIRMED DETECTION: MH20EE7602 (Score: 0.800)
2025-06-25 02:03:11,959 - INFO - 🎯 CONFIRMED DETECTION: MH20EE7602 (Score: 0.782)
2025-06-25 02:03:14,479 - INFO - ✅ License plate 'MH20EE7602' written to /Users/jainamdoshi/Desktop/Projects/Slotify/ALPR/detection.txt
2025-06-25 02:03:14,648 - INFO - ✅ Opening dashboard page: http://127.0.0.1:8000/dashboard/
2025-06-25 02:03:14,649 - INFO - Detection completed successfully. Final result: MH20EE7602
2025-06-25 02:04:57,362 - INFO - 🔧 Checking Django server status...
2025-06-25 02:04:57,362 - WARNING - Invalid duration: temp_frame_1_20250625_020455.jpg, using default: 60
2025-06-25 02:04:58,182 - INFO - Camera 1 connection verified
2025-06-25 02:04:58,183 - INFO - Loading license plate detection model...
2025-06-25 02:04:58,206 - INFO - ✅ License plate model loaded
2025-06-25 02:04:58,206 - INFO - Initializing EasyOCR...
2025-06-25 02:05:00,443 - INFO - ✅ EasyOCR initialized with GPU
2025-06-25 02:05:01,072 - INFO - 🚀 Starting enhanced 60-second license plate detection...
2025-06-25 02:05:03,527 - INFO - 🎯 CONFIRMED DETECTION: MH20EE7602 (Score: 0.783)
2025-06-25 02:05:06,223 - INFO - 🎯 CONFIRMED DETECTION: MH20EE7602 (Score: 0.768)
2025-06-25 02:05:08,855 - INFO - 🎯 CONFIRMED DETECTION: MH20EE7602 (Score: 0.782)
2025-06-25 02:05:10,900 - INFO - 🎯 CONFIRMED DETECTION: MH20EE7602 (Score: 0.757)
2025-06-25 02:05:13,032 - INFO - 🎯 CONFIRMED DETECTION: MH20EE7602 (Score: 0.783)
2025-06-25 02:05:15,164 - INFO - 🎯 CONFIRMED DETECTION: MH20EE7602 (Score: 0.782)
2025-06-25 02:05:17,189 - INFO - 🎯 CONFIRMED DETECTION: MH20EE7602 (Score: 0.783)
2025-06-25 02:05:19,256 - INFO - 🎯 CONFIRMED DETECTION: MH20EE7602 (Score: 0.797)
2025-06-25 02:05:21,523 - INFO - 🎯 CONFIRMED DETECTION: MH20EE7602 (Score: 0.801)
2025-06-25 02:05:23,540 - INFO - 🎯 CONFIRMED DETECTION: MH20EE7602 (Score: 0.806)
2025-06-25 02:05:25,557 - INFO - 🎯 CONFIRMED DETECTION: MH20EE7602 (Score: 0.789)
2025-06-25 02:05:28,184 - INFO - 🎯 CONFIRMED DETECTION: MH20EE7602 (Score: 0.803)
2025-06-25 02:05:30,228 - INFO - 🎯 CONFIRMED DETECTION: MH20EE7602 (Score: 0.800)
2025-06-25 02:05:32,244 - INFO - 🎯 CONFIRMED DETECTION: MH20EE7602 (Score: 0.789)
2025-06-25 02:05:34,278 - INFO - 🎯 CONFIRMED DETECTION: MH20EE7602 (Score: 0.803)
2025-06-25 02:05:36,886 - INFO - 🎯 CONFIRMED DETECTION: MH20EE7602 (Score: 0.787)
2025-06-25 02:05:38,907 - INFO - 🎯 CONFIRMED DETECTION: MH20EE7602 (Score: 0.787)
2025-06-25 02:05:41,440 - INFO - 🎯 CONFIRMED DETECTION: MH20EE7602 (Score: 0.797)
2025-06-25 02:05:44,017 - INFO - 🎯 CONFIRMED DETECTION: MH20EE7602 (Score: 0.795)
2025-06-25 02:05:45,965 - INFO - 🎯 CONFIRMED DETECTION: MH20EE7602 (Score: 0.782)
2025-06-25 02:05:48,557 - INFO - 🎯 CONFIRMED DETECTION: MH20EE7602 (Score: 0.796)
2025-06-25 02:05:51,156 - INFO - 🎯 CONFIRMED DETECTION: MH20EE7602 (Score: 0.779)
2025-06-25 02:05:53,724 - INFO - 🎯 CONFIRMED DETECTION: MH20EE7602 (Score: 0.786)
2025-06-25 02:05:56,290 - INFO - 🎯 CONFIRMED DETECTION: MH20EE7602 (Score: 0.778)
2025-06-25 02:05:58,824 - INFO - 🎯 CONFIRMED DETECTION: MH20EE7602 (Score: 0.768)
2025-06-25 02:06:01,374 - INFO - 🎯 CONFIRMED DETECTION: MH20EE7602 (Score: 0.786)
2025-06-25 02:06:02,632 - INFO - ✅ License plate 'MH20EE7602' written to /Users/jainamdoshi/Desktop/Projects/Slotify/ALPR/detection.txt
2025-06-25 02:06:02,783 - INFO - ✅ Opening dashboard page: http://127.0.0.1:8000/dashboard/
2025-06-25 02:06:02,784 - INFO - Detection completed successfully. Final result: MH20EE7602
2025-06-25 02:10:34,892 - INFO - 🔧 Checking Django server status...
2025-06-25 02:10:34,892 - WARNING - Invalid duration: temp_frame_0_20250625_021032.jpg, using default: 60
2025-06-25 02:10:35,594 - INFO - Camera 0 connection verified
2025-06-25 02:10:35,594 - INFO - Loading license plate detection model...
2025-06-25 02:10:35,616 - INFO - ✅ License plate model loaded
2025-06-25 02:10:35,617 - INFO - Initializing EasyOCR...
2025-06-25 02:10:37,995 - INFO - ✅ EasyOCR initialized with GPU
2025-06-25 02:10:38,467 - INFO - 🚀 Starting enhanced 60-second license plate detection...
2025-06-25 02:10:38,726 - INFO - 🔧 Checking Django server status...
2025-06-25 02:10:38,726 - WARNING - Invalid duration: temp_frame_0_20250625_021036.jpg, using default: 60
2025-06-25 02:10:39,570 - INFO - Camera 0 connection verified
2025-06-25 02:10:39,571 - INFO - Loading license plate detection model...
2025-06-25 02:10:39,629 - INFO - ✅ License plate model loaded
2025-06-25 02:10:39,630 - INFO - Initializing EasyOCR...
2025-06-25 02:10:40,935 - INFO - 🎯 CONFIRMED DETECTION: SN66XMZ (Score: 0.777)
2025-06-25 02:10:42,173 - INFO - ✅ EasyOCR initialized with GPU
2025-06-25 02:10:42,642 - INFO - 🚀 Starting enhanced 60-second license plate detection...
2025-06-25 02:10:43,698 - INFO - 🎯 CONFIRMED DETECTION: SN66XMZ (Score: 0.785)
2025-06-25 02:10:45,906 - INFO - 🎯 CONFIRMED DETECTION: SN66XMZ (Score: 0.772)
2025-06-25 02:10:45,906 - INFO - 🎯 CONFIRMED DETECTION: SN6EXMZ (Score: 0.757)
2025-06-25 02:10:47,258 - INFO - 🎯 CONFIRMED DETECTION: SN66XMZ (Score: 0.780)
2025-06-25 02:10:48,018 - INFO - 🎯 CONFIRMED DETECTION: SN66XMZ (Score: 0.783)
2025-06-25 02:10:49,271 - INFO - 🎯 CONFIRMED DETECTION: SN66XMZ (Score: 0.748)
2025-06-25 02:10:50,099 - INFO - 🎯 CONFIRMED DETECTION: SN66XMZ (Score: 0.776)
2025-06-25 02:10:51,350 - INFO - 🎯 CONFIRMED DETECTION: SN6EXMZ (Score: 0.758)
2025-06-25 02:10:51,350 - INFO - 🎯 CONFIRMED DETECTION: SN66XMZ (Score: 0.765)
2025-06-25 02:10:52,764 - INFO - 🎯 CONFIRMED DETECTION: SN66XMZ (Score: 0.770)
2025-06-25 02:10:52,764 - INFO - 🎯 CONFIRMED DETECTION: SN6EXMZ (Score: 0.759)
2025-06-25 02:10:53,462 - INFO - 🎯 CONFIRMED DETECTION: SN66XMZ (Score: 0.777)
2025-06-25 02:10:54,188 - INFO - 🎯 CONFIRMED DETECTION: SN66XMZ (Score: 0.778)
2025-06-25 02:10:55,541 - INFO - 🎯 CONFIRMED DETECTION: SN66XMZ (Score: 0.766)
2025-06-25 02:10:56,301 - INFO - 🎯 CONFIRMED DETECTION: SN66XMZ (Score: 0.771)
2025-06-25 02:10:57,719 - INFO - 🎯 CONFIRMED DETECTION: SN66XMZ (Score: 0.758)
2025-06-25 02:10:58,512 - INFO - 🎯 CONFIRMED DETECTION: SN66XMZ (Score: 0.752)
2025-06-25 02:10:59,963 - INFO - 🎯 CONFIRMED DETECTION: SN66XMZ (Score: 0.760)
2025-06-25 02:11:00,657 - INFO - 🎯 CONFIRMED DETECTION: SN66XMZ (Score: 0.763)
2025-06-25 02:11:00,657 - INFO - 🎯 CONFIRMED DETECTION: SN6EXMZ (Score: 0.757)
2025-06-25 02:11:02,109 - INFO - 🎯 CONFIRMED DETECTION: SN6EXMZ (Score: 0.758)
2025-06-25 02:11:02,109 - INFO - 🎯 CONFIRMED DETECTION: SN66XMZ (Score: 0.779)
2025-06-25 02:11:02,736 - INFO - 🎯 CONFIRMED DETECTION: SN66XMZ (Score: 0.782)
2025-06-25 02:11:04,188 - INFO - 🎯 CONFIRMED DETECTION: SN6EXMZ (Score: 0.759)
2025-06-25 02:11:04,188 - INFO - 🎯 CONFIRMED DETECTION: SN66XMZ (Score: 0.762)
2025-06-25 02:11:04,848 - INFO - 🎯 CONFIRMED DETECTION: SN66XMZ (Score: 0.765)
2025-06-25 02:11:06,299 - INFO - 🎯 CONFIRMED DETECTION: SN66XMZ (Score: 0.780)
2025-06-25 02:11:06,992 - INFO - 🎯 CONFIRMED DETECTION: SN66XMZ (Score: 0.766)
2025-06-25 02:11:08,444 - INFO - 🎯 CONFIRMED DETECTION: SN6EXMZ (Score: 0.762)
2025-06-25 02:11:08,445 - INFO - 🎯 CONFIRMED DETECTION: SN66XMZ (Score: 0.779)
2025-06-25 02:11:09,138 - INFO - 🎯 CONFIRMED DETECTION: SN66XMZ (Score: 0.790)
2025-06-25 02:11:09,139 - INFO - 🎯 CONFIRMED DETECTION: SN6EXMZ (Score: 0.757)
2025-06-25 02:11:10,589 - INFO - 🎯 CONFIRMED DETECTION: SN66XMZ (Score: 0.785)
2025-06-25 02:11:11,316 - INFO - 🎯 CONFIRMED DETECTION: SN66XMZ (Score: 0.788)
2025-06-25 02:11:12,800 - INFO - 🎯 CONFIRMED DETECTION: SN66XMZ (Score: 0.785)
2025-06-25 02:11:13,526 - INFO - 🎯 CONFIRMED DETECTION: SN66XMZ (Score: 0.793)
2025-06-25 02:11:14,945 - INFO - 🎯 CONFIRMED DETECTION: SN6EXMZ (Score: 0.758)
2025-06-25 02:11:14,946 - INFO - 🎯 CONFIRMED DETECTION: SN66XMZ (Score: 0.787)
2025-06-25 02:11:15,672 - INFO - 🎯 CONFIRMED DETECTION: SN66XMZ (Score: 0.790)
2025-06-25 02:11:17,025 - INFO - 🎯 CONFIRMED DETECTION: SN66XMZ (Score: 0.777)
2025-06-25 02:11:17,719 - INFO - 🎯 CONFIRMED DETECTION: SN66XMZ (Score: 0.779)
2025-06-25 02:11:17,719 - INFO - 🎯 CONFIRMED DETECTION: SN6EXMZ (Score: 0.758)
2025-06-25 02:11:19,137 - INFO - 🎯 CONFIRMED DETECTION: SN6EXMZ (Score: 0.759)
2025-06-25 02:11:19,137 - INFO - 🎯 CONFIRMED DETECTION: SN66XMZ (Score: 0.777)
2025-06-25 02:11:19,797 - INFO - 🎯 CONFIRMED DETECTION: SN66XMZ (Score: 0.775)
2025-06-25 02:11:21,216 - INFO - 🎯 CONFIRMED DETECTION: SN66XMZ (Score: 0.793)
2025-06-25 02:11:21,942 - INFO - 🎯 CONFIRMED DETECTION: SN66XMZ (Score: 0.794)
2025-06-25 02:11:21,943 - INFO - 🎯 CONFIRMED DETECTION: SN6EXMZ (Score: 0.757)
2025-06-25 02:11:23,328 - INFO - 🎯 CONFIRMED DETECTION: SN6EXMZ (Score: 0.757)
2025-06-25 02:11:23,328 - INFO - 🎯 CONFIRMED DETECTION: SN66XMZ (Score: 0.781)
2025-06-25 02:11:24,021 - INFO - 🎯 CONFIRMED DETECTION: SN66XMZ (Score: 0.799)
2025-06-25 02:11:25,374 - INFO - 🎯 CONFIRMED DETECTION: SN66XMZ (Score: 0.795)
2025-06-25 02:11:26,067 - INFO - 🎯 CONFIRMED DETECTION: SN66XMZ (Score: 0.792)
2025-06-25 02:11:26,068 - INFO - 🎯 CONFIRMED DETECTION: SN6EXMZ (Score: 0.760)
2025-06-25 02:11:27,453 - INFO - 🎯 CONFIRMED DETECTION: SN6EXMZ (Score: 0.762)
2025-06-25 02:11:27,453 - INFO - 🎯 CONFIRMED DETECTION: SN66XMZ (Score: 0.786)
2025-06-25 02:11:28,181 - INFO - 🎯 CONFIRMED DETECTION: SN66XMZ (Score: 0.777)
2025-06-25 02:11:29,565 - INFO - 🎯 CONFIRMED DETECTION: SN6EXMZ (Score: 0.759)
2025-06-25 02:11:29,566 - INFO - 🎯 CONFIRMED DETECTION: SN66XMZ (Score: 0.783)
2025-06-25 02:11:30,358 - INFO - 🎯 CONFIRMED DETECTION: SN66XMZ (Score: 0.786)
2025-06-25 02:11:30,358 - INFO - 🎯 CONFIRMED DETECTION: SN6EXMZ (Score: 0.759)
2025-06-25 02:11:31,644 - INFO - 🎯 CONFIRMED DETECTION: SN66XMZ (Score: 0.779)
2025-06-25 02:11:33,067 - INFO - 🎯 CONFIRMED DETECTION: SN66XMZ (Score: 0.797)
2025-06-25 02:11:33,067 - INFO - 🎯 CONFIRMED DETECTION: SN6EXMZ (Score: 0.760)
2025-06-25 02:11:33,657 - INFO - 🎯 CONFIRMED DETECTION: SN66XMZ (Score: 0.779)
2025-06-25 02:11:34,547 - INFO - 🎯 CONFIRMED DETECTION: SN66XMZ (Score: 0.777)
2025-06-25 02:11:35,702 - INFO - 🎯 CONFIRMED DETECTION: SN6EXMZ (Score: 0.758)
2025-06-25 02:11:35,704 - INFO - 🎯 CONFIRMED DETECTION: SN66XMZ (Score: 0.788)
2025-06-25 02:11:36,626 - INFO - 🎯 CONFIRMED DETECTION: SN66XMZ (Score: 0.781)
2025-06-25 02:11:37,748 - INFO - 🎯 CONFIRMED DETECTION: SN6EXMZ (Score: 0.758)
2025-06-25 02:11:37,748 - INFO - 🎯 CONFIRMED DETECTION: SN66XMZ (Score: 0.790)
2025-06-25 02:11:38,706 - INFO - 🎯 CONFIRMED DETECTION: SN66XMZ (Score: 0.789)
2025-06-25 02:11:38,706 - INFO - 🎯 CONFIRMED DETECTION: SN6EXMZ (Score: 0.761)
2025-06-25 02:11:39,795 - INFO - 🎯 CONFIRMED DETECTION: SN66XMZ (Score: 0.778)
2025-06-25 02:11:40,100 - INFO - ✅ License plate 'SN66XMZ' written to /Users/jainamdoshi/Desktop/Projects/Slotify/ALPR/detection.txt
2025-06-25 02:11:40,256 - INFO - ✅ Opening dashboard page: http://127.0.0.1:8000/dashboard/
2025-06-25 02:11:40,259 - INFO - Detection completed successfully. Final result: SN66XMZ
2025-06-25 02:11:41,972 - INFO - 🎯 CONFIRMED DETECTION: SN66XMZ (Score: 0.778)
2025-06-25 02:11:44,018 - INFO - 🎯 CONFIRMED DETECTION: SN6EXMZ (Score: 0.758)
2025-06-25 02:11:44,018 - INFO - 🎯 CONFIRMED DETECTION: SN66XMZ (Score: 0.783)
2025-06-25 02:11:44,746 - INFO - ✅ License plate 'SN66XMZ' written to /Users/jainamdoshi/Desktop/Projects/Slotify/ALPR/detection.txt
2025-06-25 02:11:44,878 - INFO - ✅ Opening dashboard page: http://127.0.0.1:8000/dashboard/
2025-06-25 02:11:44,881 - INFO - Detection completed successfully. Final result: SN66XMZ
2025-06-25 02:22:29,974 - INFO - 🔧 Checking Django server status...
2025-06-25 02:22:29,975 - WARNING - Invalid duration: temp_frame_0_20250625_022227.jpg, using default: 60
2025-06-25 02:22:30,658 - INFO - Camera 0 connection verified
2025-06-25 02:22:30,658 - INFO - Loading license plate detection model...
2025-06-25 02:22:30,680 - INFO - ✅ License plate model loaded
2025-06-25 02:22:30,680 - INFO - Initializing EasyOCR...
2025-06-25 02:22:32,871 - INFO - ✅ EasyOCR initialized with GPU
2025-06-25 02:22:33,332 - INFO - 🚀 Starting enhanced 60-second license plate detection...
2025-06-25 02:22:37,849 - INFO - 🎯 CONFIRMED DETECTION: MH20EE7602 (Score: 0.747)
2025-06-25 02:22:40,456 - INFO - 🎯 CONFIRMED DETECTION: MH20EE7602 (Score: 0.787)
2025-06-25 02:22:43,089 - INFO - 🎯 CONFIRMED DETECTION: MH20EE7602 (Score: 0.776)
2025-06-25 02:22:44,482 - INFO - 🎯 CONFIRMED DETECTION: 20EE7602 (Score: 0.734)
2025-06-25 02:22:44,482 - INFO - 🎯 CONFIRMED DETECTION: MH20EE7602 (Score: 0.769)
2025-06-25 02:22:48,607 - INFO - 🎯 CONFIRMED DETECTION: MH20EE7602 (Score: 0.826)
2025-06-25 02:22:50,687 - INFO - 🎯 CONFIRMED DETECTION: MH20EE7602 (Score: 0.807)
2025-06-25 02:22:53,310 - INFO - 🎯 CONFIRMED DETECTION: 20EE7602 (Score: 0.760)
2025-06-25 02:22:53,310 - INFO - 🎯 CONFIRMED DETECTION: MH20EE7602 (Score: 0.832)
2025-06-25 02:22:54,712 - INFO - 🎯 CONFIRMED DETECTION: 20E7602 (Score: 0.769)
2025-06-25 02:22:56,824 - INFO - 🎯 CONFIRMED DETECTION: MH20EE7602 (Score: 0.812)
2025-06-25 02:22:59,431 - INFO - 🎯 CONFIRMED DETECTION: MH20EE7602 (Score: 0.810)
2025-06-25 02:23:02,071 - INFO - 🎯 CONFIRMED DETECTION: MH20EE7602 (Score: 0.785)
2025-06-25 02:23:04,085 - INFO - 🎯 CONFIRMED DETECTION: MH20EE7602 (Score: 0.793)
2025-06-25 02:23:06,627 - INFO - 🎯 CONFIRMED DETECTION: MH20EE7602 (Score: 0.794)
2025-06-25 02:23:09,234 - INFO - 🎯 CONFIRMED DETECTION: MH20EE7602 (Score: 0.789)
2025-06-25 02:23:11,775 - INFO - 🎯 CONFIRMED DETECTION: MH20EE7602 (Score: 0.793)
2025-06-25 02:23:14,347 - INFO - 🎯 CONFIRMED DETECTION: MH20EE7602 (Score: 0.799)
2025-06-25 02:23:16,855 - INFO - 🎯 CONFIRMED DETECTION: MH20EE7602 (Score: 0.785)
2025-06-25 02:23:18,868 - INFO - 🎯 CONFIRMED DETECTION: MH20EE7602 (Score: 0.783)
2025-06-25 02:23:21,508 - INFO - 🎯 CONFIRMED DETECTION: MH20EE7602 (Score: 0.795)
2025-06-25 02:23:23,522 - INFO - 🎯 CONFIRMED DETECTION: 20EE7602 (Score: 0.749)
2025-06-25 02:23:23,522 - INFO - 🎯 CONFIRMED DETECTION: MH20EE7602 (Score: 0.797)
2025-06-25 02:23:26,095 - INFO - 🎯 CONFIRMED DETECTION: MH20EE7602 (Score: 0.812)
2025-06-25 02:23:26,096 - INFO - 🎯 CONFIRMED DETECTION: WH20EE7602 (Score: 0.756)
2025-06-25 02:23:28,689 - INFO - 🎯 CONFIRMED DETECTION: 20EE7602 (Score: 0.752)
2025-06-25 02:23:28,689 - INFO - 🎯 CONFIRMED DETECTION: MH20EE7602 (Score: 0.776)
2025-06-25 02:23:30,651 - INFO - 🎯 CONFIRMED DETECTION: MH20EE7602 (Score: 0.786)
2025-06-25 02:23:33,190 - INFO - 🎯 CONFIRMED DETECTION: MH20EE7602 (Score: 0.811)
2025-06-25 02:23:35,145 - INFO - ✅ License plate 'MH20EE7602' written to /Users/jainamdoshi/Desktop/Projects/Slotify/ALPR/detection.txt
2025-06-25 02:23:35,282 - INFO - ✅ Opening dashboard page: http://127.0.0.1:8000/dashboard/
2025-06-25 02:23:35,285 - INFO - Detection completed successfully. Final result: MH20EE7602
2025-06-25 02:26:41,175 - INFO - 🔧 Checking Django server status...
2025-06-25 02:26:41,175 - WARNING - Invalid duration: temp_frame_0_20250625_022639.jpg, using default: 60
2025-06-25 02:26:41,872 - INFO - Camera 0 connection verified
2025-06-25 02:26:41,872 - INFO - Loading license plate detection model...
2025-06-25 02:26:41,890 - INFO - ✅ License plate model loaded
2025-06-25 02:26:41,890 - INFO - Initializing EasyOCR...
2025-06-25 02:26:44,160 - INFO - ✅ EasyOCR initialized with GPU
2025-06-25 02:26:44,610 - INFO - 🚀 Starting enhanced 60-second license plate detection...
2025-06-25 02:26:48,728 - INFO - 🎯 CONFIRMED DETECTION: MH20EE7602 (Score: 0.792)
2025-06-25 02:26:51,336 - INFO - 🎯 CONFIRMED DETECTION: MH20EE7602 (Score: 0.782)
2025-06-25 02:26:51,336 - INFO - 🎯 CONFIRMED DETECTION: 20EE7602 (Score: 0.744)
2025-06-25 02:26:53,909 - INFO - 🎯 CONFIRMED DETECTION: MH20EE7602 (Score: 0.777)
2025-06-25 02:26:53,910 - INFO - 🎯 CONFIRMED DETECTION: 20EE7602 (Score: 0.741)
2025-06-25 02:26:56,187 - INFO - 🎯 CONFIRMED DETECTION: MH20EE7602 (Score: 0.801)
2025-06-25 02:26:58,234 - INFO - 🎯 CONFIRMED DETECTION: MH20EE7602 (Score: 0.789)
2025-06-25 02:26:58,234 - INFO - 🎯 CONFIRMED DETECTION: 20EE7602 (Score: 0.756)
2025-06-25 02:27:00,312 - INFO - 🎯 CONFIRMED DETECTION: MH20EE7602 (Score: 0.818)
2025-06-25 02:27:02,359 - INFO - 🎯 CONFIRMED DETECTION: MH20EE7602 (Score: 0.794)
2025-06-25 02:27:02,359 - INFO - 🎯 CONFIRMED DETECTION: 20EE7602 (Score: 0.759)
2025-06-25 02:27:04,668 - INFO - 🎯 CONFIRMED DETECTION: MH20EE7602 (Score: 0.805)
2025-06-25 02:27:04,669 - INFO - 🎯 CONFIRMED DETECTION: 20EE7602 (Score: 0.779)
2025-06-25 02:27:06,714 - INFO - 🎯 CONFIRMED DETECTION: MH20EE7602 (Score: 0.819)
2025-06-25 02:27:08,727 - INFO - 🎯 CONFIRMED DETECTION: MH20EE7602 (Score: 0.827)
2025-06-25 02:27:08,727 - INFO - 🎯 CONFIRMED DETECTION: 20EE7602 (Score: 0.768)
2025-06-25 02:27:08,727 - INFO - 🎯 CONFIRMED DETECTION: H2067602 (Score: 0.766)
2025-06-25 02:27:10,840 - INFO - 🎯 CONFIRMED DETECTION: MH20EE7602 (Score: 0.835)
2025-06-25 02:27:12,886 - INFO - 🎯 CONFIRMED DETECTION: MH20EE7602 (Score: 0.814)
2025-06-25 02:27:12,886 - INFO - 🎯 CONFIRMED DETECTION: 20EE7602 (Score: 0.771)
2025-06-25 02:27:12,886 - INFO - 🎯 CONFIRMED DETECTION: 207602 (Score: 0.774)
2025-06-25 02:27:15,483 - INFO - 🎯 CONFIRMED DETECTION: MH20EE7602 (Score: 0.823)
2025-06-25 02:27:18,990 - INFO - 🎯 CONFIRMED DETECTION: MH20EE7602 (Score: 0.826)
2025-06-25 02:27:18,991 - INFO - 🎯 CONFIRMED DETECTION: 20EE7602 (Score: 0.767)
2025-06-25 02:27:21,002 - INFO - 🎯 CONFIRMED DETECTION: MH20EE7602 (Score: 0.822)
2025-06-25 02:27:23,017 - INFO - 🎯 CONFIRMED DETECTION: MH20EE7602 (Score: 0.821)
2025-06-25 02:27:25,591 - INFO - 🎯 CONFIRMED DETECTION: MH20EE7602 (Score: 0.791)
2025-06-25 02:27:25,591 - INFO - 🎯 CONFIRMED DETECTION: 20EE7602 (Score: 0.759)
2025-06-25 02:27:28,198 - INFO - 🎯 CONFIRMED DETECTION: MH20EE7602 (Score: 0.805)
2025-06-25 02:27:30,211 - INFO - 🎯 CONFIRMED DETECTION: MH20EE7602 (Score: 0.798)
2025-06-25 02:27:30,211 - INFO - 🎯 CONFIRMED DETECTION: 20EE7602 (Score: 0.752)
2025-06-25 02:27:32,810 - INFO - 🎯 CONFIRMED DETECTION: MH20EE7602 (Score: 0.761)
2025-06-25 02:27:34,304 - INFO - 🎯 CONFIRMED DETECTION: MH20EE7602 (Score: 0.750)
2025-06-25 02:27:34,304 - INFO - 🎯 CONFIRMED DETECTION: HH20EE7602 (Score: 0.760)
2025-06-25 02:27:36,349 - INFO - 🎯 CONFIRMED DETECTION: MH20EE7602 (Score: 0.775)
2025-06-25 02:27:38,494 - INFO - 🎯 CONFIRMED DETECTION: MH20EE7602 (Score: 0.793)
2025-06-25 02:27:40,573 - INFO - 🎯 CONFIRMED DETECTION: MH20EE7602 (Score: 0.760)
2025-06-25 02:27:42,685 - INFO - 🎯 CONFIRMED DETECTION: MH20EE7602 (Score: 0.751)
2025-06-25 02:27:42,685 - INFO - 🎯 CONFIRMED DETECTION: 20EE7602 (Score: 0.757)
2025-06-25 02:27:44,764 - INFO - 🎯 CONFIRMED DETECTION: MH20EE7602 (Score: 0.769)
2025-06-25 02:27:46,254 - INFO - ✅ License plate 'MH20EE7602' written to /Users/jainamdoshi/Desktop/Projects/Slotify/ALPR/detection.txt
2025-06-25 02:27:46,398 - INFO - ✅ Opening dashboard page: http://127.0.0.1:8000/dashboard/
2025-06-25 02:27:46,401 - INFO - Detection completed successfully. Final result: MH20EE7602
